// Jest Snapshot v1, https://goo.gl/fbAQLP

exports[`Should FilmReviews render correctly 1`] = `
<div>
  <div
    class="movie-card__reviews movie-card__row"
  >
    <div
      class="movie-card__reviews-col"
    >
      <div
        class="review"
      >
        <blockquote
          class="review__quote"
        >
          <p
            class="review__text"
          >
            I personally found this movie to be boring. Definitely one of the most boring movies I've ever seen.
          </p>
          <footer
            class="review__details"
          >
            <cite
              class="review__user"
            >
              Kendall
            </cite>
            <time
              class="review__date"
              datetime="2021-02-15T11:04:28+03:00"
            >
              February 15th 2021
            </time>
          </footer>
        </blockquote>
        <div
          class="review__rating"
        >
          6
        </div>
      </div>
    </div>
    <div
      class="movie-card__reviews-col"
    >
      <div
        class="review"
      >
        <blockquote
          class="review__quote"
        >
          <p
            class="review__text"
          >
            ewwfd
          </p>
          <footer
            class="review__details"
          >
            <cite
              class="review__user"
            >
              makeman
            </cite>
            <time
              class="review__date"
              datetime="2021-04-02T10:36:03+03:00"
            >
              April 2nd 2021
            </time>
          </footer>
        </blockquote>
        <div
          class="review__rating"
        >
          6
        </div>
      </div>
    </div>
  </div>
</div>
`;
